// Jest Snapshot v1, https://goo.gl/fbAQLP

exports[`InputLabel component Should match snapshot 1`] = `
.c0 {
  position: absolute;
  left: 0px;
  -webkit-transform: translateY(-50%);
  -ms-transform: translateY(-50%);
  transform: translateY(-50%);
  pointer-events: none;
  -webkit-transition: 50ms linear;
  transition: 50ms linear;
  color: #2980b9;
  top: 50%;
}

<InputLabel
  inputValue=""
>
  <StyledComponent
    forwardedClass={
      Object {
        "$$typeof": Symbol(react.forward_ref),
        "attrs": undefined,
        "componentStyle": ComponentStyle {
          "componentId": "InputLabel-hk3wpt-0",
          "isStatic": false,
          "lastClassName": "c0",
          "rules": Array [
            "position:absolute;left:0px;transform:translateY(-50%);pointer-events:none;transition:50ms linear;color:",
            [Function],
            ";",
            [Function],
          ],
        },
        "displayName": "InputLabel",
        "render": [Function],
        "styledComponentId": "InputLabel-hk3wpt-0",
        "target": "label",
        "toString": [Function],
        "warnTooManyClasses": [Function],
        "withComponent": [Function],
      }
    }
    forwardedRef={null}
    inputValue=""
  >
    <label
      className="c0"
    />
  </StyledComponent>
</InputLabel>
`;
