// Jest Snapshot v1, https://goo.gl/fbAQLP

exports[`RangePath component Should match snapshot 1`] = `
<StyledComponent
  forwardedClass={
    Object {
      "$$typeof": Symbol(react.forward_ref),
      "attrs": undefined,
      "componentStyle": ComponentStyle {
        "componentId": "RangePath-sc-2489nt-0",
        "isStatic": true,
        "rules": Array [
          "stroke-width:7;fill:none;",
        ],
      },
      "displayName": "RangePath",
      "render": [Function],
      "styledComponentId": "RangePath-sc-2489nt-0",
      "target": "path",
      "toString": [Function],
      "warnTooManyClasses": [Function],
      "withComponent": [Function],
    }
  }
  forwardedRef={null}
/>
`;
