// Jest Snapshot v1, https://goo.gl/fbAQLP

exports[`ImageOverlayWrapper component Should match snapshot 1`] = `
<StyledComponent
  forwardedClass={
    Object {
      "$$typeof": Symbol(react.forward_ref),
      "attrs": undefined,
      "componentStyle": ComponentStyle {
        "componentId": "ImageOverlayWrapper-pf7jti-0",
        "isStatic": true,
        "rules": Array [
          "background:rgba(0,0,0,0.6);height:100%;display:flex;flex-direction:column;justify-content:center;align-items:center;button{&:hover{box-shadow:none;transform:scale(1.05);}&:active{transform:scale(0.99);}}",
        ],
      },
      "displayName": "ImageOverlayWrapper",
      "render": [Function],
      "styledComponentId": "ImageOverlayWrapper-pf7jti-0",
      "target": "div",
      "toString": [Function],
      "warnTooManyClasses": [Function],
      "withComponent": [Function],
    }
  }
  forwardedRef={null}
/>
`;
