// Jest Snapshot v1, https://goo.gl/fbAQLP

exports[`ImageOverlayWrapper component Should match snapshot 1`] = `
.c0 {
  background: rgba(0,0,0,0.6);
  height: 100%;
  display: -webkit-box;
  display: -webkit-flex;
  display: -ms-flexbox;
  display: flex;
  -webkit-flex-direction: column;
  -ms-flex-direction: column;
  flex-direction: column;
  -webkit-box-pack: center;
  -webkit-justify-content: center;
  -ms-flex-pack: center;
  justify-content: center;
  -webkit-align-items: center;
  -webkit-box-align: center;
  -ms-flex-align: center;
  align-items: center;
}

.c0 button:hover {
  box-shadow: none;
  -webkit-transform: scale(1.05);
  -ms-transform: scale(1.05);
  transform: scale(1.05);
}

.c0 button:active {
  -webkit-transform: scale(0.99);
  -ms-transform: scale(0.99);
  transform: scale(0.99);
}

<div
  className="c0"
/>
`;
