// Jest Snapshot v1, https://goo.gl/fbAQLP

exports[`Container component Should match snapshot 1`] = `
<StyledComponent
  forwardedClass={
    Object {
      "$$typeof": Symbol(react.forward_ref),
      "attrs": undefined,
      "componentStyle": ComponentStyle {
        "componentId": "Container-vohkbw-0",
        "isStatic": true,
        "rules": Array [
          "display:inline-block;text-align:center;margin:5px;",
        ],
      },
      "displayName": "Container",
      "render": [Function],
      "styledComponentId": "Container-vohkbw-0",
      "target": "div",
      "toString": [Function],
      "warnTooManyClasses": [Function],
      "withComponent": [Function],
    }
  }
  forwardedRef={null}
/>
`;
