// Jest Snapshot v1, https://goo.gl/fbAQLP

exports[`colors Should match all default colors 1`] = `
Object {
  "danger": "#d63031",
  "dangerLight": "#ff7675",
  "dark": "#2d3436",
  "darkLight": "#636e72",
  "default": "#b2bec3",
  "greyLight": "#fafafa",
  "primary": "#0984e3",
  "primaryLight": "#74b9ff",
  "success": "#00b894",
  "successLight": "#55efc4",
  "warning": "#fdcb6e",
  "warningLight": "#ffeaa7",
}
`;
