// Jest Snapshot v1, https://goo.gl/fbAQLP

exports[`GaugeRange component Should match snapshot 1`] = `
<g>
  <ForwardRef
    d="M 4.5 149.99999999999997  A 120.5 120.5 0 0 1 245.5 150"
    fill="none"
    stroke="#f1c40f"
  />
  <TickMark
    angle={180}
  />
  <ForwardRef
    x={260.5}
    y={140}
  >
    100
  </ForwardRef>
</g>
`;
