// Jest Snapshot v1, https://goo.gl/fbAQLP

exports[`Button component Should match snapshot 1`] = `
<styled.button
  danger={false}
  dark={false}
  ghost={false}
  large={false}
  primary={false}
  small={false}
  success={false}
  type="button"
  warning={false}
  xsmall={false}
>
  <styled.span
    danger={false}
    dark={false}
    ghost={false}
    large={false}
    primary={false}
    small={false}
    success={false}
    tabIndex={-1}
    warning={false}
    xsmall={false}
  >
    Test Button
  </styled.span>
</styled.button>
`;
