// Jest Snapshot v1, https://goo.gl/fbAQLP

exports[`ListHeader component Should match snapshot 1`] = `
.c0 {
  -moz-box-sizing: border-box;
  -webkit-box-sizing: border-box;
  box-sizing: border-box;
  top: 0;
  left: 0;
  background-color: #34495e;
  color: white;
  border: none;
  width: 100%;
  height: 41px;
  line-height: 41px;
  vertical-align: middle;
  padding-left: 10px;
}

<ListHeader>
  <StyledComponent
    forwardedClass={
      Object {
        "$$typeof": Symbol(react.forward_ref),
        "attrs": undefined,
        "componentStyle": ComponentStyle {
          "componentId": "ListHeader-ceem0n-0",
          "isStatic": false,
          "lastClassName": "c0",
          "rules": Array [
            "-moz-box-sizing:border-box;-webkit-box-sizing:border-box;box-sizing:border-box;top:0;left:0;background-color:",
            [Function],
            ";color:",
            [Function],
            ";border:none;width:100%;height:41px;line-height:41px;vertical-align:middle;padding-left:10px;",
          ],
        },
        "displayName": "ListHeader",
        "render": [Function],
        "styledComponentId": "ListHeader-ceem0n-0",
        "target": "div",
        "toString": [Function],
        "warnTooManyClasses": [Function],
        "withComponent": [Function],
      }
    }
    forwardedRef={null}
  >
    <div
      className="c0"
    />
  </StyledComponent>
</ListHeader>
`;
