// Jest Snapshot v1, https://goo.gl/fbAQLP

exports[`PanelContainer component Should match snapshot 1`] = `
.c0 {
  display: block;
  position: relative;
  height: auto;
  min-width: 280px;
  margin: 10px;
  padding: 10px;
  background-color: #fafafa;
  border: 1px solid #EEEEEE;
  radius: 5px;
  box-shadow: 0 2px 2px 0 rgba(0,0,0,0.16);
}

<styled.div>
  <StyledComponent
    forwardedClass={
      Object {
        "$$typeof": Symbol(react.forward_ref),
        "attrs": undefined,
        "componentStyle": ComponentStyle {
          "componentId": "sc-bdVaJa",
          "isStatic": false,
          "lastClassName": "c0",
          "rules": Array [
            "
    ",
            [Function],
            "
    position: relative;
    height: ",
            [Function],
            ";
    min-width: ",
            [Function],
            ";
    margin: 10px;
    padding: 10px;
    background-color: ",
            "#fafafa",
            ";
    border: 1px solid #EEEEEE;
    radius: 5px;
    box-shadow: 0 2px 2px 0 rgba(0,0,0,0.16);
",
          ],
        },
        "displayName": "styled.div",
        "render": [Function],
        "styledComponentId": "sc-bdVaJa",
        "target": "div",
        "toString": [Function],
        "warnTooManyClasses": [Function],
        "withComponent": [Function],
      }
    }
    forwardedRef={null}
  >
    <div
      className="c0"
    />
  </StyledComponent>
</styled.div>
`;
