// Jest Snapshot v1, https://goo.gl/fbAQLP

exports[`PanelContainer component Should match snapshot 1`] = `
.c0 {
  display: block;
  min-width: 280px;
  margin: 10px;
  padding: 10px;
  background-color: #fafafa;
  border: 1px solid #EEEEEE;
  radius: 5px;
  box-shadow: 0 2px 2px 0 rgba(0,0,0,0.16);
}

<div
  className="c0"
/>
`;
