// Jest Snapshot v1, https://goo.gl/fbAQLP

exports[`ButtonStyles component Should match snapshot 1`] = `
<StyledComponent
  forwardedClass={
    Object {
      "$$typeof": Symbol(react.forward_ref),
      "attrs": undefined,
      "componentStyle": ComponentStyle {
        "componentId": "sc-bdVaJa",
        "isStatic": false,
        "rules": Array [
          "
    background-color: ",
          [Function],
          ";
    color: ",
          [Function],
          ";
    border: 1px solid ",
          [Function],
          ";
    display: inline-block;
    outline: none;
    cursor: pointer;
    ",
          [Function],
          "; 
    text-align: center;
    line-height: 1.5;
    transition: 0.1s linear;
    box-shadow: 0 1px 2px 0 rgba(0, 0, 0, 0.2);
    svg {
      vertical-align: middle;
    }
    &:hover {
      box-shadow: 0 2px 4px 0 rgba(0, 0, 0, 0.2), 0 3px 10px 0 rgba(0, 0, 0, 0.19);
    } 
    &:active {
      box-shadow: none;
    }
    ",
          [Function],
          ";
  ",
        ],
      },
      "displayName": "styled.span",
      "render": [Function],
      "styledComponentId": "sc-bdVaJa",
      "target": "span",
      "warnTooManyClasses": [Function],
      "withComponent": [Function],
    }
  }
  forwardedRef={null}
/>
`;
