// Jest Snapshot v1, https://goo.gl/fbAQLP

exports[`GaugeInnerCircle component Should match snapshot 1`] = `
<StyledComponent
  forwardedClass={
    Object {
      "$$typeof": Symbol(react.forward_ref),
      "attrs": undefined,
      "componentStyle": ComponentStyle {
        "componentId": "sc-bdVaJa",
        "isStatic": true,
        "rules": Array [
          "
  stroke: #34495e;
  stroke-width: 1;
  stroke-dasharray: 314.160;
  stroke-dashoffset: 314.160;
",
        ],
      },
      "displayName": "styled.circle",
      "render": [Function],
      "styledComponentId": "sc-bdVaJa",
      "target": "circle",
      "toString": [Function],
      "warnTooManyClasses": [Function],
      "withComponent": [Function],
    }
  }
  forwardedRef={null}
/>
`;
