// Jest Snapshot v1, https://goo.gl/fbAQLP

exports[`SideBarContainer component Should match snapshot 1`] = `
.c0 {
  position: fixed;
  z-index: 1;
  top: 56px;
  -webkit-transition: 100ms linear;
  transition: 100ms linear;
  height: 100vh;
  width: 300px;
  background-color: #2d3436;
  color: white;
  font-size: 20px;
  left: -250px;
}

.c0 ul {
  list-style: none;
}

<styled.div>
  <StyledComponent
    forwardedClass={
      Object {
        "$$typeof": Symbol(react.forward_ref),
        "attrs": undefined,
        "componentStyle": ComponentStyle {
          "componentId": "sc-bdVaJa",
          "isStatic": false,
          "lastClassName": "c0",
          "rules": Array [
            "
  position: fixed;
  z-index: ",
            "1",
            ";
  top: 56px;
  transition: 100ms linear;
  height: 100vh;
  width: 300px;
  background-color: ",
            [Function],
            ";
  color: white;
  font-size: 20px;
  ul{
      list-style: none;
  }
  ",
            [Function],
            ";
",
          ],
        },
        "displayName": "styled.div",
        "render": [Function],
        "styledComponentId": "sc-bdVaJa",
        "target": "div",
        "toString": [Function],
        "warnTooManyClasses": [Function],
        "withComponent": [Function],
      }
    }
    forwardedRef={null}
  >
    <div
      className="c0"
    />
  </StyledComponent>
</styled.div>
`;
