// Jest Snapshot v1, https://goo.gl/fbAQLP

exports[`Gauge component Should match snapshot 1`] = `
<Gauge
  max={100}
  min={0}
  ranges={
    Array [
      Object {
        "color": "warning",
        "id": "range1",
        "lowerValue": 0,
        "upperValue": 50,
      },
      Object {
        "color": "success",
        "id": "range2",
        "lowerValue": 50,
        "upperValue": 80,
      },
      Object {
        "color": "danger",
        "id": "range3",
        "lowerValue": 80,
        "upperValue": 100,
      },
    ]
  }
  units=""
  value={35}
  width="100%"
/>
`;
