// Jest Snapshot v1, https://goo.gl/fbAQLP

exports[`Wrapper component Should match snapshot 1`] = `
.c0 {
  background-size: cover;
  height: 100vh;
}

<styled.div>
  <StyledComponent
    forwardedClass={
      Object {
        "$$typeof": Symbol(react.forward_ref),
        "attrs": undefined,
        "componentStyle": ComponentStyle {
          "componentId": "sc-bdVaJa",
          "isStatic": false,
          "lastClassName": "c0",
          "rules": Array [
            "
  background-size: cover;
  background-image: ",
            [Function],
            ";
  height: ",
            [Function],
            ";
",
          ],
        },
        "displayName": "styled.div",
        "render": [Function],
        "styledComponentId": "sc-bdVaJa",
        "target": "div",
        "toString": [Function],
        "warnTooManyClasses": [Function],
        "withComponent": [Function],
      }
    }
    forwardedRef={null}
  >
    <div
      className="c0"
    />
  </StyledComponent>
</styled.div>
`;
