// Jest Snapshot v1, https://goo.gl/fbAQLP

exports[`InputLabel component Should match snapshot 1`] = `
<StyledComponent
  forwardedClass={
    Object {
      "$$typeof": Symbol(react.forward_ref),
      "attrs": undefined,
      "componentStyle": ComponentStyle {
        "componentId": "sc-bdVaJa",
        "isStatic": false,
        "rules": Array [
          "
    position: absolute;
    left: 0px;
    transform: translateY(-50%);
    pointer-events: none;
    transition: 50ms linear;
    color: ",
          [Function],
          ";
    ",
          [Function],
          "
",
        ],
      },
      "displayName": "styled.label",
      "render": [Function],
      "styledComponentId": "sc-bdVaJa",
      "target": "label",
      "warnTooManyClasses": [Function],
      "withComponent": [Function],
    }
  }
  forwardedRef={null}
  inputValue=""
/>
`;
