// Jest Snapshot v1, https://goo.gl/fbAQLP

exports[`InputLabel component Should match snapshot 1`] = `
.c0 {
  position: absolute;
  top: 50%;
  left: 0px;
  -webkit-transform: translateY(-50%);
  -ms-transform: translateY(-50%);
  transform: translateY(-50%);
  pointer-events: none;
  -webkit-transition: 50ms linear;
  transition: 50ms linear;
}

<label
  className="c0"
/>
`;
