// Jest Snapshot v1, https://goo.gl/fbAQLP

exports[`ButtonWrapper component Should match snapshot 1`] = `
.c0 {
  -moz-appearance: none;
  -webkit-appearance: none;
  background: none;
  border: none;
  outline: none;
  font-size: inherit;
}

<ButtonWrapper>
  <StyledComponent
    forwardedClass={
      Object {
        "$$typeof": Symbol(react.forward_ref),
        "attrs": undefined,
        "componentStyle": ComponentStyle {
          "componentId": "ButtonWrapper-sc-180guxd-0",
          "isStatic": true,
          "lastClassName": "c0",
          "rules": Array [
            "-moz-appearance:none;-webkit-appearance:none;background:none;border:none;outline:none;font-size:inherit;",
          ],
        },
        "displayName": "ButtonWrapper",
        "render": [Function],
        "styledComponentId": "ButtonWrapper-sc-180guxd-0",
        "target": "button",
        "toString": [Function],
        "warnTooManyClasses": [Function],
        "withComponent": [Function],
      }
    }
    forwardedRef={null}
  >
    <button
      className="c0"
    />
  </StyledComponent>
</ButtonWrapper>
`;
