// Jest Snapshot v1, https://goo.gl/fbAQLP

exports[`SideBarPage component Should match snapshot 1`] = `
.c2 {
  -moz-appearance: none;
  -webkit-appearance: none;
  background: none;
  border: none;
  outline: none;
  font-size: inherit;
}

.c3 {
  background-color: #0984e3;
  color: white;
  border: 1px solid #0984e3;
  display: inline-block;
  outline: none;
  cursor: pointer;
  font-size: .875rem;
  padding: .25rem .5rem;
  text-align: center;
  line-height: 1.5;
  -webkit-transition: 0.1s linear;
  transition: 0.1s linear;
  box-shadow: 0 1px 2px 0 rgba(0,0,0,0.2);
}

.c3 svg {
  vertical-align: middle;
}

.c3:hover {
  box-shadow: 0 2px 4px 0 rgba(0,0,0,0.2),0 3px 10px 0 rgba(0,0,0,0.19);
}

.c3:active {
  box-shadow: none;
}

.c1 {
  margin-left: 0;
  -webkit-transition: 100ms linear;
  transition: 100ms linear;
  position: fixed;
  margin-top: 2px;
  left: 260px;
}

.c0 {
  position: fixed;
  z-index: 1;
  top: 67px;
  -webkit-transition: 100ms linear;
  transition: 100ms linear;
  height: 100vh;
  width: 300px;
  background-color: #2d3436;
  color: white;
  font-size: 20px;
  left: 0px;
}

.c0 ul {
  list-style: none;
}

.c4 {
  position: relative;
  -webkit-transition: 100ms linear;
  transition: 100ms linear;
  z-index: 0;
  padding-left: 300px;
}

<SideBarPage>
  <div>
    <styled.div
      shown={true}
    >
      <div
        className="c0"
      >
        <Styled(Button)
          color="primary"
          onClick={[Function]}
          shown={true}
          size="small"
        >
          <Button
            className="c1"
            color="primary"
            ghost={false}
            onClick={[Function]}
            shown={true}
            size="small"
          >
            <styled.button
              className="c1"
              color="primary"
              ghost={false}
              onClick={[Function]}
              shown={true}
              size="small"
              type="button"
            >
              <button
                className="c1 c2"
                color="primary"
                onClick={[Function]}
                size="small"
                type="button"
              >
                <styled.span
                  className="c1"
                  color="primary"
                  ghost={false}
                  onClick={[Function]}
                  shown={true}
                  size="small"
                  tabIndex={-1}
                >
                  <span
                    className="c1 c3"
                    color="primary"
                    onClick={[Function]}
                    size="small"
                    tabIndex={-1}
                  >
                    <Component
                      style={
                        Object {
                          "fontSize": "20px",
                          "textAlign": "center",
                        }
                      }
                    >
                      <IconBase
                        attr={
                          Object {
                            "viewBox": "0 0 512 512",
                          }
                        }
                        style={
                          Object {
                            "fontSize": "20px",
                            "textAlign": "center",
                          }
                        }
                      >
                        <svg
                          attr={
                            Object {
                              "viewBox": "0 0 512 512",
                            }
                          }
                          fill="currentColor"
                          height="1em"
                          stroke="currentColor"
                          strokeWidth="0"
                          style={
                            Object {
                              "color": undefined,
                              "fontSize": "20px",
                              "textAlign": "center",
                            }
                          }
                          viewBox="0 0 512 512"
                          width="1em"
                        >
                          <path
                            d="M217.9 256L345 129c9.4-9.4 9.4-24.6 0-33.9-9.4-9.4-24.6-9.3-34 0L167 239c-9.1 9.1-9.3 23.7-.7 33.1L310.9 417c4.7 4.7 10.9 7 17 7s12.3-2.3 17-7c9.4-9.4 9.4-24.6 0-33.9L217.9 256z"
                            key="0"
                          />
                        </svg>
                      </IconBase>
                    </Component>
                  </span>
                </styled.span>
              </button>
            </styled.button>
          </Button>
        </Styled(Button)>
      </div>
    </styled.div>
    <styled.div
      shown={true}
    >
      <div
        className="c4"
      />
    </styled.div>
  </div>
</SideBarPage>
`;
