// Jest Snapshot v1, https://goo.gl/fbAQLP

exports[`GaugeRangeBoundary component Should match snapshot 1`] = `
<StyledComponent
  forwardedClass={
    Object {
      "$$typeof": Symbol(react.forward_ref),
      "attrs": undefined,
      "componentStyle": ComponentStyle {
        "componentId": "GaugeRangeBoundary-w6g6mu-0",
        "isStatic": true,
        "rules": Array [
          "stroke:#34495e;stroke-width:1;stroke-dasharray:367.557;stroke-dashoffset:367.557;",
        ],
      },
      "displayName": "GaugeRangeBoundary",
      "render": [Function],
      "styledComponentId": "GaugeRangeBoundary-w6g6mu-0",
      "target": "circle",
      "toString": [Function],
      "warnTooManyClasses": [Function],
      "withComponent": [Function],
    }
  }
  forwardedRef={null}
/>
`;
