// Jest Snapshot v1, https://goo.gl/fbAQLP

exports[`HeaderContainer component Should match snapshot 1`] = `
.c0 {
  z-index: 2;
  position: fixed;
  top: 0;
  height: 56px;
  width: 100%;
  background-color: #bdc3c7;
  color: black;
}

<HeaderContainer>
  <StyledComponent
    forwardedClass={
      Object {
        "$$typeof": Symbol(react.forward_ref),
        "attrs": undefined,
        "componentStyle": ComponentStyle {
          "componentId": "HeaderContainer-sc-1kv2ljh-0",
          "isStatic": false,
          "lastClassName": "c0",
          "rules": Array [
            "z-index:",
            "2",
            ";position:fixed;top:0;height:56px;width:100%;background-color:",
            [Function],
            ";color:",
            [Function],
            ";",
          ],
        },
        "displayName": "HeaderContainer",
        "render": [Function],
        "styledComponentId": "HeaderContainer-sc-1kv2ljh-0",
        "target": "div",
        "toString": [Function],
        "warnTooManyClasses": [Function],
        "withComponent": [Function],
      }
    }
    forwardedRef={null}
  >
    <div
      className="c0"
    />
  </StyledComponent>
</HeaderContainer>
`;
