// Jest Snapshot v1, https://goo.gl/fbAQLP

exports[`ComponentInput component Should match snapshot 1`] = `
.c0 {
  background: none;
  border: none;
  border-bottom: solid 2px #2980b9;
  padding: 14px 40px;
  font-size: 18px;
  display: inline-block;
  width: 100%;
}

.c0:focus,
.c0:active {
  outline: none;
}

.c0[type="submit"] {
  border: solid 2px #2980b9;
}

<ComponentInput>
  <StyledComponent
    forwardedClass={
      Object {
        "$$typeof": Symbol(react.forward_ref),
        "attrs": undefined,
        "componentStyle": ComponentStyle {
          "componentId": "ComponentInput-sc-1wmdp59-0",
          "isStatic": false,
          "lastClassName": "c0",
          "rules": Array [
            "background:none;border:none;border-bottom:solid 2px ",
            [Function],
            ";padding:14px 40px;font-size:18px;display:inline-block;width:100%;&:focus,&:active{outline:none;}&[type=\\"submit\\"]{border:solid 2px ",
            "#2980b9",
            "}",
          ],
        },
        "displayName": "ComponentInput",
        "render": [Function],
        "styledComponentId": "ComponentInput-sc-1wmdp59-0",
        "target": "input",
        "toString": [Function],
        "warnTooManyClasses": [Function],
        "withComponent": [Function],
      }
    }
    forwardedRef={null}
  >
    <input
      className="c0"
    />
  </StyledComponent>
</ComponentInput>
`;
