// Jest Snapshot v1, https://goo.gl/fbAQLP

exports[`GaugeCirclesGroup component Should match snapshot 1`] = `
<g>
  <ForwardRef
    cx="125"
    cy="150"
    fill="none"
    r="124"
  />
  <ForwardRef
    cx="125"
    cy="150"
    fill="none"
    id="gauge-range-boundary-circle"
    r="117"
  />
  <ForwardRef
    cx="125"
    cy="150"
    fill="none"
    id="gauge-inner-circle"
    r="100"
  />
</g>
`;
